Expert probabilities: 
0.100000 0.100000 0.100000 0.100000 0.100000 0.100000 0.100000 0.100000 0.100000 0.100000
0.086017 0.114726 0.091062 0.097275 0.113357 0.096984 0.094968 0.104224 0.101448 0.099938
0.074972 0.132969 0.093608 0.091663 0.105227 0.102117 0.088954 0.090028 0.116177 0.104284
0.064917 0.141615 0.095308 0.099994 0.109083 0.091938 0.097623 0.093608 0.106816 0.099098
0.056327 0.162417 0.108004 0.087546 0.095504 0.098118 0.085214 0.099005 0.110627 0.097239
