Expert probabilities: 
0.333333 0.333333 0.333333
0.526688 0.236656 0.236656
0.712356 0.143822 0.143822
