Expert probabilities: 
0.333333 0.333333 0.333333
0.346752 0.333156 0.320092
0.360327 0.332623 0.307050
