Expert probabilities: 
0.500000 0.500000
0.512497 0.487503
