Expert probabilities: 
0.250000 0.250000 0.250000 0.250000
0.261360 0.253636 0.246140 0.238865
0.272929 0.257035 0.242066 0.227970
0.284691 0.260188 0.237794 0.217327
